// 重构日志: 7d8b24af
// 重构日志: d1b74f97
// 重构日志: 6b0f44c8
// 重构日志: 38356b7a
// 同步 ID: 56af31eb @ Sun Jul 19 14:49:16 UTC 2026
// 重构日志: 241519f6
// 重构日志: 7454d53f
// 重构日志: 15b102c6
// 重构日志: 68e8ae9a
// 重构日志: 1c6de118
// 重构日志: cfaa0744
// 重构日志: b7f86ad8
// 重构日志: 5b0d8500
// 同步 ID: 874fbf8d @ Sun Jul 26 00:58:02 UTC 2026
// 重构日志: 997667f6
// 同步 ID: 83065de2 @ Sat Aug  1 23:58:07 UTC 2026
// 重构日志: 583f1c42
// 重构日志: c4a0ba20
// 同步 ID: e7ed1e4f @ Mon Aug  3 01:12:45 UTC 2026
// 同步 ID: 95e8c792 @ Tue Aug  4 17:33:36 UTC 2026
// 重构日志: 65a5f12d
